com\chamados\Per2park\controller\ResponseDTO\MonitorServerResponseDTO.class
com\chamados\Per2park\service\ApiService$2.class
com\chamados\Per2park\service\ApiSAT.class
com\chamados\Per2park\config\CorsConfig$1.class
com\chamados\Per2park\controller\RequestDTO\PriorityDTO.class
com\chamados\Per2park\controller\ResponseDTO\UserDTO.class
com\chamados\Per2park\controller\ResponseDTO\ChamadoBaseDTO.class
com\chamados\Per2park\controller\ResponseDTO\SatEquipamentoResponse.class
com\chamados\Per2park\config\SwaggerConfig.class
com\chamados\Per2park\service\MonitorServerService.class
com\chamados\Per2park\service\SeparaStatusChamados.class
com\chamados\Per2park\controller\RequestDTO\ListPriotityDTO.class
com\chamados\Per2park\config\CorsConfig.class
com\chamados\Per2park\controller\RequestDTO\AssistanceCallResponseDTO.class
com\chamados\Per2park\controller\RequestDTO\HistoryCall.class
com\chamados\Per2park\controller\ResponseDTO\ChamadosAgrupadosPorStatusDTO.class
com\chamados\Per2park\service\ApiService.class
com\chamados\Per2park\controller\RequestDTO\RequestAutentica.class
com\chamados\Per2park\controller\RequestDTO\UserSATDTO.class
com\chamados\Per2park\controller\RequestDTO\LocalDTO.class
com\chamados\Per2park\controller\ResponseDTO\SatEquipamentoDTO.class
com\chamados\Per2park\controller\ResponseDTO\LocalsDTO.class
com\chamados\Per2park\controller\RequestDTO\Reason.class
com\chamados\Per2park\service\ApiService$1.class
com\chamados\Per2park\controller\RequestDTO\ReplicationQueueDTO.class
com\chamados\Per2park\controller\RequestDTO\Equipment.class
com\chamados\Per2park\controller\RequestDTO\MonitorServerRequestDTO.class
com\chamados\Per2park\controller\RequestDTO\ListCategoryDTO.class
com\chamados\Per2park\controller\ChamadosController.class
com\chamados\Per2park\Per2parkApplication.class
com\chamados\Per2park\controller\RequestDTO\RequestChamados.class
com\chamados\Per2park\controller\ResponseDTO\CategoryDTO.class
com\chamados\Per2park\controller\ResponseDTO\TokenDTO.class
com\chamados\Per2park\controller\RequestDTO\StatusDTO.class
com\chamados\Per2park\config\WebClientConfig.class
com\chamados\Per2park\controller\ResponseDTO\TokenSatDTO.class
