D:\Desenvolvimento\Per2park-Chamados\src\main\java\com\chamados\Per2park\config\CorsConfig.java
D:\Desenvolvimento\Per2park-Chamados\src\main\java\com\chamados\Per2park\config\JacksonConfig.java
D:\Desenvolvimento\Per2park-Chamados\src\main\java\com\chamados\Per2park\config\SwaggerConfig.java
D:\Desenvolvimento\Per2park-Chamados\src\main\java\com\chamados\Per2park\config\WebClientConfig.java
D:\Desenvolvimento\Per2park-Chamados\src\main\java\com\chamados\Per2park\controller\ChamadosController.java
D:\Desenvolvimento\Per2park-Chamados\src\main\java\com\chamados\Per2park\controller\RequestDTO\AssistanceCallResponseDTO.java
D:\Desenvolvimento\Per2park-Chamados\src\main\java\com\chamados\Per2park\controller\RequestDTO\Equipment.java
D:\Desenvolvimento\Per2park-Chamados\src\main\java\com\chamados\Per2park\controller\RequestDTO\HistoryCall.java
D:\Desenvolvimento\Per2park-Chamados\src\main\java\com\chamados\Per2park\controller\RequestDTO\ListCategoryDTO.java
D:\Desenvolvimento\Per2park-Chamados\src\main\java\com\chamados\Per2park\controller\RequestDTO\ListPriotityDTO.java
D:\Desenvolvimento\Per2park-Chamados\src\main\java\com\chamados\Per2park\controller\RequestDTO\LocalDTO.java
D:\Desenvolvimento\Per2park-Chamados\src\main\java\com\chamados\Per2park\controller\RequestDTO\MonitorServerRequestDTO.java
D:\Desenvolvimento\Per2park-Chamados\src\main\java\com\chamados\Per2park\controller\RequestDTO\PriorityDTO.java
D:\Desenvolvimento\Per2park-Chamados\src\main\java\com\chamados\Per2park\controller\RequestDTO\Reason.java
D:\Desenvolvimento\Per2park-Chamados\src\main\java\com\chamados\Per2park\controller\RequestDTO\ReplicationQueueDTO.java
D:\Desenvolvimento\Per2park-Chamados\src\main\java\com\chamados\Per2park\controller\RequestDTO\RequestAutentica.java
D:\Desenvolvimento\Per2park-Chamados\src\main\java\com\chamados\Per2park\controller\RequestDTO\RequestChamados.java
D:\Desenvolvimento\Per2park-Chamados\src\main\java\com\chamados\Per2park\controller\RequestDTO\StatusDTO.java
D:\Desenvolvimento\Per2park-Chamados\src\main\java\com\chamados\Per2park\controller\RequestDTO\UserSATDTO.java
D:\Desenvolvimento\Per2park-Chamados\src\main\java\com\chamados\Per2park\controller\ResponseDTO\CategoryDTO.java
D:\Desenvolvimento\Per2park-Chamados\src\main\java\com\chamados\Per2park\controller\ResponseDTO\ChamadoBaseDTO.java
D:\Desenvolvimento\Per2park-Chamados\src\main\java\com\chamados\Per2park\controller\ResponseDTO\ChamadosAgrupadosPorStatusDTO.java
D:\Desenvolvimento\Per2park-Chamados\src\main\java\com\chamados\Per2park\controller\ResponseDTO\ChamadosStatusItem.java
D:\Desenvolvimento\Per2park-Chamados\src\main\java\com\chamados\Per2park\controller\ResponseDTO\LocalsDTO.java
D:\Desenvolvimento\Per2park-Chamados\src\main\java\com\chamados\Per2park\controller\ResponseDTO\MonitorServerResponseDTO.java
D:\Desenvolvimento\Per2park-Chamados\src\main\java\com\chamados\Per2park\controller\ResponseDTO\SatEquipamentoDTO.java
D:\Desenvolvimento\Per2park-Chamados\src\main\java\com\chamados\Per2park\controller\ResponseDTO\SatEquipamentoResponse.java
D:\Desenvolvimento\Per2park-Chamados\src\main\java\com\chamados\Per2park\controller\ResponseDTO\TokenDTO.java
D:\Desenvolvimento\Per2park-Chamados\src\main\java\com\chamados\Per2park\controller\ResponseDTO\TokenSatDTO.java
D:\Desenvolvimento\Per2park-Chamados\src\main\java\com\chamados\Per2park\controller\ResponseDTO\UserDTO.java
D:\Desenvolvimento\Per2park-Chamados\src\main\java\com\chamados\Per2park\controller\ResponseDTO\UsuarioDTO.java
D:\Desenvolvimento\Per2park-Chamados\src\main\java\com\chamados\Per2park\controller\UserController.java
D:\Desenvolvimento\Per2park-Chamados\src\main\java\com\chamados\Per2park\controller\UserPgDTO.java
D:\Desenvolvimento\Per2park-Chamados\src\main\java\com\chamados\Per2park\entity\Chamado.java
D:\Desenvolvimento\Per2park-Chamados\src\main\java\com\chamados\Per2park\entity\UserLogin.java
D:\Desenvolvimento\Per2park-Chamados\src\main\java\com\chamados\Per2park\entity\Usuario.java
D:\Desenvolvimento\Per2park-Chamados\src\main\java\com\chamados\Per2park\Per2parkApplication.java
D:\Desenvolvimento\Per2park-Chamados\src\main\java\com\chamados\Per2park\repository\ChamadoRepository.java
D:\Desenvolvimento\Per2park-Chamados\src\main\java\com\chamados\Per2park\repository\UsuarioLogadoRepository.java
D:\Desenvolvimento\Per2park-Chamados\src\main\java\com\chamados\Per2park\repository\UsuarioRepository.java
D:\Desenvolvimento\Per2park-Chamados\src\main\java\com\chamados\Per2park\service\ApiSAT.java
D:\Desenvolvimento\Per2park-Chamados\src\main\java\com\chamados\Per2park\service\ApiService.java
D:\Desenvolvimento\Per2park-Chamados\src\main\java\com\chamados\Per2park\service\MonitorServerService.java
D:\Desenvolvimento\Per2park-Chamados\src\main\java\com\chamados\Per2park\service\SeparaStatusChamados.java
D:\Desenvolvimento\Per2park-Chamados\src\main\java\com\chamados\Per2park\service\UsuarioService.java
